../Core/Src/main.c:91:10:MEAS_meas_cm	16	static
../Core/Src/main.c:109:7:MEAS_calculateAsPercent	0	static
../Core/Src/main.c:114:6:MEAS_measMaxDistance	8	static
../Core/Src/main.c:119:6:MEAS_measMinDistance	8	static
../Core/Src/main.c:124:6:MEAS_setMaxDistance	0	static
../Core/Src/main.c:129:6:MEAS_setMinDistance	0	static
../Core/Src/main.c:294:6:SystemClock_Config	104	static,ignoring_inline_asm
../Core/Src/main.c:139:5:main	248	static,ignoring_inline_asm
../Core/Src/main.c:345:6:HAL_UART_TxCpltCallback	8	static
../Core/Src/main.c:360:6:HAL_UART_RxCpltCallback	8	static
../Core/Src/main.c:378:6:Error_Handler	0	static,ignoring_inline_asm
